../Core/Src/main.c:72:5:main	56	static
../Core/Src/main.c:177:6:SystemClock_Config	88	static
../Core/Src/main.c:220:13:MX_ADC1_Init	24	static
../Core/Src/main.c:285:13:MX_USART1_UART_Init	8	static
../Core/Src/main.c:318:13:MX_GPIO_Init	40	static
../Core/Src/main.c:354:6:HAL_GPIO_EXTI_Callback	16	static
../Core/Src/main.c:367:6:DDS_num_to_ASCII	16	static
../Core/Src/main.c:370:6:DDS_VAL_TO_NUMS	16	static
../Core/Src/main.c:377:6:DDS_NUM_TO_ASCII	16	static
../Core/Src/main.c:428:6:Error_Handler	4	static,ignoring_inline_asm
