../Core/Src/main.c:75:5:main	8	static
../Core/Src/main.c:122:6:SystemClock_Config	88	static
../Core/Src/main.c:165:13:MX_ADC1_Init	24	static
../Core/Src/main.c:220:13:MX_TIM1_Init	32	static
../Core/Src/main.c:266:13:MX_USART1_UART_Init	8	static
../Core/Src/main.c:299:13:MX_USART2_UART_Init	8	static
../Core/Src/main.c:332:13:MX_GPIO_Init	16	static
../Core/Src/main.c:348:6:HAL_TIM_PeriodElapsedCallback	32	static
../Core/Src/main.c:375:6:DDS_VAL_TO_NUMS	16	static
../Core/Src/main.c:389:6:Error_Handler	4	static,ignoring_inline_asm
