13:56:02 **** Incremental Build of configuration Debug for project 1ch_ADC_USART_DDS_test ****
make -j12 all 
arm-none-eabi-gcc "../Core/Src/main.c" -mcpu=cortex-m3 -std=gnu11 -g3 -DDEBUG -DUSE_HAL_DRIVER -DSTM32F103xB -c -I../Core/Inc -I../Drivers/STM32F1xx_HAL_Driver/Inc -I../Drivers/STM32F1xx_HAL_Driver/Inc/Legacy -I../Drivers/CMSIS/Device/ST/STM32F1xx/Include -I../Drivers/CMSIS/Include -O0 -ffunction-sections -fdata-sections -Wall -fstack-usage -fcyclomatic-complexity -MMD -MP -MF"Core/Src/main.d" -MT"Core/Src/main.o" --specs=nano.specs -mfloat-abi=soft -mthumb -o "Core/Src/main.o"
arm-none-eabi-gcc -o "1ch_ADC_USART_DDS_test.elf" @"objects.list"   -mcpu=cortex-m3 -T"C:\Users\Dmitrii\Desktop\stm32projs\1ch_ADC_USART_DDS_test\STM32F103C8TX_FLASH.ld" --specs=nosys.specs -Wl,-Map="1ch_ADC_USART_DDS_test.map" -Wl,--gc-sections -static --specs=nano.specs -mfloat-abi=soft -mthumb -Wl,--start-group -lc -lm -Wl,--end-group
Finished building target: 1ch_ADC_USART_DDS_test.elf
 
arm-none-eabi-size   1ch_ADC_USART_DDS_test.elf 
arm-none-eabi-objdump -h -S  1ch_ADC_USART_DDS_test.elf  > "1ch_ADC_USART_DDS_test.list"
   text	   data	    bss	    dec	    hex	filename
   8536	     20	   1692	  10248	   2808	1ch_ADC_USART_DDS_test.elf
Finished building: default.size.stdout
 
Finished building: 1ch_ADC_USART_DDS_test.list
 

13:56:03 Build Finished. 0 errors, 0 warnings. (took 697ms)

