10:45:10 **** Incremental Build of configuration Debug for project tim6_sound_discr_test ****
make -j12 all 
arm-none-eabi-gcc "../Core/Src/main.c" -mcpu=cortex-m4 -std=gnu11 -g3 -DDEBUG -DUSE_HAL_DRIVER -DSTM32F407xx -c -I../Core/Inc -I../Drivers/STM32F4xx_HAL_Driver/Inc -I../Drivers/STM32F4xx_HAL_Driver/Inc/Legacy -I../Drivers/CMSIS/Device/ST/STM32F4xx/Include -I../Drivers/CMSIS/Include -O0 -ffunction-sections -fdata-sections -Wall -fstack-usage -fcyclomatic-complexity -MMD -MP -MF"Core/Src/main.d" -MT"Core/Src/main.o" --specs=nano.specs -mfpu=fpv4-sp-d16 -mfloat-abi=hard -mthumb -o "Core/Src/main.o"
arm-none-eabi-gcc "../Core/Src/stm32f4xx_hal_msp.c" -mcpu=cortex-m4 -std=gnu11 -g3 -DDEBUG -DUSE_HAL_DRIVER -DSTM32F407xx -c -I../Core/Inc -I../Drivers/STM32F4xx_HAL_Driver/Inc -I../Drivers/STM32F4xx_HAL_Driver/Inc/Legacy -I../Drivers/CMSIS/Device/ST/STM32F4xx/Include -I../Drivers/CMSIS/Include -O0 -ffunction-sections -fdata-sections -Wall -fstack-usage -fcyclomatic-complexity -MMD -MP -MF"Core/Src/stm32f4xx_hal_msp.d" -MT"Core/Src/stm32f4xx_hal_msp.o" --specs=nano.specs -mfpu=fpv4-sp-d16 -mfloat-abi=hard -mthumb -o "Core/Src/stm32f4xx_hal_msp.o"
arm-none-eabi-gcc -o "tim6_sound_discr_test.elf" @"objects.list"   -mcpu=cortex-m4 -T"C:\Users\Dmitrii\Desktop\stm32projs\tim6_sound_discr_test\STM32F407VGTX_FLASH.ld" --specs=nosys.specs -Wl,-Map="tim6_sound_discr_test.map" -Wl,--gc-sections -static --specs=nano.specs -mfpu=fpv4-sp-d16 -mfloat-abi=hard -mthumb -Wl,--start-group -lc -lm -Wl,--end-group
Finished building target: tim6_sound_discr_test.elf
 
arm-none-eabi-size   tim6_sound_discr_test.elf 
arm-none-eabi-objdump -h -S  tim6_sound_discr_test.elf  > "tim6_sound_discr_test.list"
   text	   data	    bss	    dec	    hex	filename
  10904	     20	   1804	  12728	   31b8	tim6_sound_discr_test.elf
Finished building: default.size.stdout
 
Finished building: tim6_sound_discr_test.list
 

10:45:10 Build Finished. 0 errors, 0 warnings. (took 807ms)

