15:05:22 **** Incremental Build of configuration Debug for project TIM_ADC_DMA ****
make -j12 all 
arm-none-eabi-gcc "../Core/Src/main.c" -mcpu=cortex-m4 -std=gnu11 -g3 -DDEBUG -DUSE_HAL_DRIVER -DSTM32F407xx -c -I../Core/Inc -I../Drivers/STM32F4xx_HAL_Driver/Inc -I../Drivers/STM32F4xx_HAL_Driver/Inc/Legacy -I../Drivers/CMSIS/Device/ST/STM32F4xx/Include -I../Drivers/CMSIS/Include -I../FATFS/Target -I../FATFS/App -I../Middlewares/Third_Party/FatFs/src -O0 -ffunction-sections -fdata-sections -Wall -fstack-usage -fcyclomatic-complexity -MMD -MP -MF"Core/Src/main.d" -MT"Core/Src/main.o" --specs=nano.specs -mfpu=fpv4-sp-d16 -mfloat-abi=hard -mthumb -o "Core/Src/main.o"
../Core/Src/main.c: In function 'main':
../Core/Src/main.c:152:11: warning: variable 'res' set but not used [-Wunused-but-set-variable]
  152 |   FRESULT res;
      |           ^~~
../Core/Src/main.c:150:11: warning: unused variable 'testBuffer' [-Wunused-variable]
  150 |   uint8_t testBuffer[16] = "SD write success";
      |           ^~~~~~~~~~
../Core/Src/main.c:149:7: warning: unused variable 'testDir' [-Wunused-variable]
  149 |   DIR testDir;
      |       ^~~~~~~
../Core/Src/main.c:141:7: warning: unused variable 'a' [-Wunused-variable]
  141 | float a =3.345;
      |       ^
arm-none-eabi-gcc -o "TIM_ADC_DMA.elf" @"objects.list"   -mcpu=cortex-m4 -T"C:\Users\Dmitrii\Desktop\stm32projs\TIM_ADC_DMA\STM32F407VGTX_FLASH.ld" --specs=nosys.specs -Wl,-Map="TIM_ADC_DMA.map" -Wl,--gc-sections -static --specs=nano.specs -mfpu=fpv4-sp-d16 -mfloat-abi=hard -mthumb -Wl,--start-group -lc -lm -Wl,--end-group
Finished building target: TIM_ADC_DMA.elf
 
arm-none-eabi-size   TIM_ADC_DMA.elf 
arm-none-eabi-objdump -h -S  TIM_ADC_DMA.elf  > "TIM_ADC_DMA.list"
   text	   data	    bss	    dec	    hex	filename
  30748	     20	   2012	  32780	   800c	TIM_ADC_DMA.elf
Finished building: default.size.stdout
 
Finished building: TIM_ADC_DMA.list
 

15:05:23 Build Finished. 0 errors, 4 warnings. (took 1s.31ms)

