../Core/Src/main.c:82:5:main	20016	static
../Core/Src/main.c:187:6:SystemClock_Config	88	static
../Core/Src/main.c:233:13:MX_SPI1_Init	8	static
../Core/Src/main.c:269:13:MX_DMA_Init	16	static
../Core/Src/main.c:287:13:MX_GPIO_Init	40	static
../Core/Src/main.c:313:6:init_tft	16	static
../Core/Src/main.c:380:6:coord_to_MSByte_LSByte	24	static
../Core/Src/main.c:394:6:send_coordinates	40	static
../Core/Src/main.c:456:6:color_to_MSByte_LSByte	24	static
../Core/Src/main.c:464:6:fill_by_color	56	dynamic
../Core/Src/main.c:494:6:fill_by_data	24	static
../Core/Src/main.c:516:6:Error_Handler	4	static,ignoring_inline_asm
